read 5 points
4.00, 6.00
6.00, -6.00
8.53, -5.82
This is a triangle